  ▲ Next.js 14.2.35
  - Environments: .env.local

   Creating an optimized production build ...
 ✓ Compiled successfully
   Linting and checking validity of types ...
   Collecting page data ...
   Generating static pages (0/9) ...
   Generating static pages (2/9) 
   Generating static pages (4/9) 
   Generating static pages (6/9) 
 ✓ Generating static pages (9/9)
   Finalizing page optimization ...
   Collecting build traces ...

Route (app)                              Size     First Load JS
┌ ○ /                                    11.1 kB        98.6 kB
├ ○ /_not-found                          873 B          88.3 kB
├ ○ /img                                 5.34 kB        92.8 kB
├ ○ /mic                                 5.16 kB        92.6 kB
├ ○ /protected                           1.38 kB         115 kB
├ ● /sign-in/[[...rest]]                 493 B           114 kB
├   └ /sign-in
└ ● /thing/[id]                          332 B          87.8 kB
    └ /thing/1
+ First Load JS shared by all            87.5 kB
  ├ chunks/117-cbd991752e301aab.js       31.8 kB
  ├ chunks/fd9d1056-29fa5210508b2511.js  53.6 kB
  └ other shared chunks (total)          1.98 kB


○  (Static)  prerendered as static content
●  (SSG)     prerendered as static HTML (uses getStaticProps)

