capacitor-router-sim on http://localhost:3200 serving out/
200 / -> out/index.html
200 /thing/1 -> out/index.html
200 /thing/2 -> out/index.html
200 /thing/1.txt -> out/thing/1.txt
404 /thing/2.txt -> out/thing/2.txt  [MISSING]
200 /thing/1 -> out/index.html
200 /thing/1 -> out/index.html
200 / -> out/index.html
200 /_next/static/css/e9a1975b26861688.css -> out/_next/static/css/e9a1975b26861688.css
200 /_next/static/chunks/webpack-10e81ffea5059558.js -> out/_next/static/chunks/webpack-10e81ffea5059558.js
200 /_next/static/chunks/fd9d1056-29fa5210508b2511.js -> out/_next/static/chunks/fd9d1056-29fa5210508b2511.js
200 /_next/static/chunks/117-cbd991752e301aab.js -> out/_next/static/chunks/117-cbd991752e301aab.js
200 /_next/static/chunks/main-app-d4855b8763ebbce1.js -> out/_next/static/chunks/main-app-d4855b8763ebbce1.js
200 /_next/static/chunks/648-57d869bfacf73139.js -> out/_next/static/chunks/648-57d869bfacf73139.js
200 /_next/static/chunks/979-0f2d2a33a1d887a0.js -> out/_next/static/chunks/979-0f2d2a33a1d887a0.js
200 /_next/static/chunks/app/page-afe826aff8a71a54.js -> out/_next/static/chunks/app/page-afe826aff8a71a54.js
200 /_next/static/chunks/app/layout-aeccaad45f82fafe.js -> out/_next/static/chunks/app/layout-aeccaad45f82fafe.js
404 /favicon.ico -> out/favicon.ico  [MISSING]
200 /thing/1.txt -> out/thing/1.txt
404 /thing/2.txt -> out/thing/2.txt  [MISSING]
200 /sign-in.txt -> out/sign-in.txt
200 /protected.txt -> out/protected.txt
200 /mic.txt -> out/mic.txt
200 /_next/static/chunks/app/thing/[id]/page-e5120f9c9f40ba28.js -> out/_next/static/chunks/app/thing/[id]/page-e5120f9c9f40ba28.js
200 /_next/static/chunks/app/sign-in/[[...rest]]/page-64722ab2ed738425.js -> out/_next/static/chunks/app/sign-in/[[...rest]]/page-64722ab2ed738425.js
200 /_next/static/chunks/app/protected/page-17804aab85b3a232.js -> out/_next/static/chunks/app/protected/page-17804aab85b3a232.js
200 /_next/static/chunks/app/mic/page-4febc8e00b0f4c37.js -> out/_next/static/chunks/app/mic/page-4febc8e00b0f4c37.js
200 /thing/1 -> out/index.html
200 /_next/static/css/e9a1975b26861688.css -> out/_next/static/css/e9a1975b26861688.css
200 /_next/static/chunks/webpack-10e81ffea5059558.js -> out/_next/static/chunks/webpack-10e81ffea5059558.js
200 /_next/static/chunks/fd9d1056-29fa5210508b2511.js -> out/_next/static/chunks/fd9d1056-29fa5210508b2511.js
200 /_next/static/chunks/117-cbd991752e301aab.js -> out/_next/static/chunks/117-cbd991752e301aab.js
200 /_next/static/chunks/main-app-d4855b8763ebbce1.js -> out/_next/static/chunks/main-app-d4855b8763ebbce1.js
200 /_next/static/chunks/app/page-afe826aff8a71a54.js -> out/_next/static/chunks/app/page-afe826aff8a71a54.js
200 /_next/static/chunks/648-57d869bfacf73139.js -> out/_next/static/chunks/648-57d869bfacf73139.js
200 /_next/static/chunks/979-0f2d2a33a1d887a0.js -> out/_next/static/chunks/979-0f2d2a33a1d887a0.js
200 /_next/static/chunks/app/layout-aeccaad45f82fafe.js -> out/_next/static/chunks/app/layout-aeccaad45f82fafe.js
404 /thing/2.txt -> out/thing/2.txt  [MISSING]
200 /protected.txt -> out/protected.txt
200 /mic.txt -> out/mic.txt
200 /sign-in.txt -> out/sign-in.txt
200 /_next/static/chunks/app/protected/page-17804aab85b3a232.js -> out/_next/static/chunks/app/protected/page-17804aab85b3a232.js
200 /_next/static/chunks/app/mic/page-4febc8e00b0f4c37.js -> out/_next/static/chunks/app/mic/page-4febc8e00b0f4c37.js
200 /_next/static/chunks/app/sign-in/[[...rest]]/page-64722ab2ed738425.js -> out/_next/static/chunks/app/sign-in/[[...rest]]/page-64722ab2ed738425.js
200 / -> out/index.html
200 /_next/static/css/e9a1975b26861688.css -> out/_next/static/css/e9a1975b26861688.css
200 /_next/static/chunks/webpack-10e81ffea5059558.js -> out/_next/static/chunks/webpack-10e81ffea5059558.js
200 /_next/static/chunks/fd9d1056-29fa5210508b2511.js -> out/_next/static/chunks/fd9d1056-29fa5210508b2511.js
200 /_next/static/chunks/main-app-d4855b8763ebbce1.js -> out/_next/static/chunks/main-app-d4855b8763ebbce1.js
200 /_next/static/chunks/117-cbd991752e301aab.js -> out/_next/static/chunks/117-cbd991752e301aab.js
200 /_next/static/chunks/648-57d869bfacf73139.js -> out/_next/static/chunks/648-57d869bfacf73139.js
200 /_next/static/chunks/app/page-afe826aff8a71a54.js -> out/_next/static/chunks/app/page-afe826aff8a71a54.js
200 /_next/static/chunks/979-0f2d2a33a1d887a0.js -> out/_next/static/chunks/979-0f2d2a33a1d887a0.js
200 /_next/static/chunks/app/layout-aeccaad45f82fafe.js -> out/_next/static/chunks/app/layout-aeccaad45f82fafe.js
404 /thing/2.txt -> out/thing/2.txt  [MISSING]
200 /thing/1.txt -> out/thing/1.txt
200 /protected.txt -> out/protected.txt
200 /sign-in.txt -> out/sign-in.txt
200 /mic.txt -> out/mic.txt
200 /_next/static/chunks/app/thing/[id]/page-e5120f9c9f40ba28.js -> out/_next/static/chunks/app/thing/[id]/page-e5120f9c9f40ba28.js
200 /_next/static/chunks/app/protected/page-17804aab85b3a232.js -> out/_next/static/chunks/app/protected/page-17804aab85b3a232.js
200 /_next/static/chunks/app/sign-in/[[...rest]]/page-64722ab2ed738425.js -> out/_next/static/chunks/app/sign-in/[[...rest]]/page-64722ab2ed738425.js
200 /_next/static/chunks/app/mic/page-4febc8e00b0f4c37.js -> out/_next/static/chunks/app/mic/page-4febc8e00b0f4c37.js
200 /thing/2 -> out/index.html
200 /_next/static/chunks/webpack-10e81ffea5059558.js -> out/_next/static/chunks/webpack-10e81ffea5059558.js
200 /_next/static/css/e9a1975b26861688.css -> out/_next/static/css/e9a1975b26861688.css
200 /_next/static/chunks/fd9d1056-29fa5210508b2511.js -> out/_next/static/chunks/fd9d1056-29fa5210508b2511.js
200 /_next/static/chunks/117-cbd991752e301aab.js -> out/_next/static/chunks/117-cbd991752e301aab.js
200 /_next/static/chunks/main-app-d4855b8763ebbce1.js -> out/_next/static/chunks/main-app-d4855b8763ebbce1.js
200 /_next/static/chunks/app/page-afe826aff8a71a54.js -> out/_next/static/chunks/app/page-afe826aff8a71a54.js
200 /_next/static/chunks/648-57d869bfacf73139.js -> out/_next/static/chunks/648-57d869bfacf73139.js
200 /_next/static/chunks/979-0f2d2a33a1d887a0.js -> out/_next/static/chunks/979-0f2d2a33a1d887a0.js
200 /_next/static/chunks/app/layout-aeccaad45f82fafe.js -> out/_next/static/chunks/app/layout-aeccaad45f82fafe.js
200 /thing/1.txt -> out/thing/1.txt
200 /protected.txt -> out/protected.txt
200 /sign-in.txt -> out/sign-in.txt
200 /mic.txt -> out/mic.txt
200 /_next/static/chunks/app/thing/[id]/page-e5120f9c9f40ba28.js -> out/_next/static/chunks/app/thing/[id]/page-e5120f9c9f40ba28.js
200 /_next/static/chunks/app/protected/page-17804aab85b3a232.js -> out/_next/static/chunks/app/protected/page-17804aab85b3a232.js
200 /_next/static/chunks/app/sign-in/[[...rest]]/page-64722ab2ed738425.js -> out/_next/static/chunks/app/sign-in/[[...rest]]/page-64722ab2ed738425.js
200 /_next/static/chunks/app/mic/page-4febc8e00b0f4c37.js -> out/_next/static/chunks/app/mic/page-4febc8e00b0f4c37.js
